// Jest Snapshot v1, https://goo.gl/fbAQLP

exports[`renders app 1`] = `
Object {
  "asFragment": [Function],
  "baseElement": <body>
    <div>
      <div
        class="App"
      >
        <header
          class="sc-gsTCUz cbApLE"
          color="#908f8f"
        >
          <div
            class="sc-hKgILt"
          >
            <h1
              class="sc-dlfnbm"
            >
              Register
            </h1>
          </div>
        </header>
        <div
          class="sc-pFZIQ eAnzZz"
        >
          <form
            class="sc-eCssSg dzZmmp"
            data-testid="form"
          >
            <div
              class="sc-iBPRYJ iuHtQb"
            >
              <label
                class="sc-gKsewC"
                for="name"
              >
                First Name
                <br />
                <input
                  aria-required="true"
                  class="sc-jSgupP tPSTZ"
                  data-testid="test-input"
                  id="name"
                  pattern=".{2,}"
                  required=""
                  title="More than one character"
                  type="text"
                  value=""
                />
              </label>
            </div>
            <div
              class="sc-iBPRYJ iuHtQb"
            >
              <label
                class="sc-gKsewC"
                for="familyName"
              >
                Second Name
                <br />
                <input
                  aria-required="true"
                  class="sc-jSgupP tPSTZ"
                  data-testid="test-input"
                  id="familyName"
                  pattern=".{2,}"
                  required=""
                  title="More than one character"
                  type="text"
                  value=""
                />
              </label>
            </div>
            <div
              class="sc-iBPRYJ iuHtQb"
            >
              <label
                class="sc-gKsewC"
                for="email"
              >
                Email
                <br />
                <input
                  aria-required="true"
                  class="sc-jSgupP tPSTZ"
                  data-testid="test-input"
                  id="email"
                  pattern=".{5,}"
                  required=""
                  title="Amount of character to construct email"
                  type="text"
                  value=""
                />
              </label>
            </div>
            <div
              class="sc-iBPRYJ iuHtQb"
            >
              <label
                class="sc-gKsewC"
                for="username"
              >
                Username
                <br />
                <input
                  aria-required="true"
                  class="sc-jSgupP tPSTZ"
                  data-testid="test-input"
                  id="username"
                  pattern=".{5,}"
                  required=""
                  title="Amount of character to construct email"
                  type="email"
                  value=""
                />
              </label>
            </div>
            <div
              class="sc-iBPRYJ iuHtQb"
            >
              <label
                class="sc-gKsewC"
                for="address"
              >
                Address
                <br />
                <input
                  aria-required="true"
                  class="sc-jSgupP tPSTZ"
                  data-testid="test-input"
                  id="address"
                  pattern=".{1,}"
                  required=""
                  title="Cannot be empty"
                  type="text"
                  value=""
                />
              </label>
            </div>
            <div
              class="sc-iBPRYJ iuHtQb"
            >
              <label
                class="sc-gKsewC"
                for="password"
              >
                Password
                <br />
                <input
                  aria-required="true"
                  class="sc-jSgupP tPSTZ"
                  data-testid="test-input"
                  id="password"
                  pattern=".{9,}"
                  required=""
                  title="8 characters minimum"
                  type="text"
                  value=""
                />
              </label>
            </div>
            <button
              class="sc-bdfBwQ dnaRID"
              data-test="primary-button"
              type="submit"
            >
               
              Submit
            </button>
          </form>
          <p>
            Already have an account? 
            <a
              aria-label="Link to login"
              class="sc-fubCfw kCOjCy"
              href="/login"
            >
               
              Login
            </a>
          </p>
        </div>
      </div>
    </div>
  </body>,
  "container": <div>
    <div
      class="App"
    >
      <header
        class="sc-gsTCUz cbApLE"
        color="#908f8f"
      >
        <div
          class="sc-hKgILt"
        >
          <h1
            class="sc-dlfnbm"
          >
            Register
          </h1>
        </div>
      </header>
      <div
        class="sc-pFZIQ eAnzZz"
      >
        <form
          class="sc-eCssSg dzZmmp"
          data-testid="form"
        >
          <div
            class="sc-iBPRYJ iuHtQb"
          >
            <label
              class="sc-gKsewC"
              for="name"
            >
              First Name
              <br />
              <input
                aria-required="true"
                class="sc-jSgupP tPSTZ"
                data-testid="test-input"
                id="name"
                pattern=".{2,}"
                required=""
                title="More than one character"
                type="text"
                value=""
              />
            </label>
          </div>
          <div
            class="sc-iBPRYJ iuHtQb"
          >
            <label
              class="sc-gKsewC"
              for="familyName"
            >
              Second Name
              <br />
              <input
                aria-required="true"
                class="sc-jSgupP tPSTZ"
                data-testid="test-input"
                id="familyName"
                pattern=".{2,}"
                required=""
                title="More than one character"
                type="text"
                value=""
              />
            </label>
          </div>
          <div
            class="sc-iBPRYJ iuHtQb"
          >
            <label
              class="sc-gKsewC"
              for="email"
            >
              Email
              <br />
              <input
                aria-required="true"
                class="sc-jSgupP tPSTZ"
                data-testid="test-input"
                id="email"
                pattern=".{5,}"
                required=""
                title="Amount of character to construct email"
                type="text"
                value=""
              />
            </label>
          </div>
          <div
            class="sc-iBPRYJ iuHtQb"
          >
            <label
              class="sc-gKsewC"
              for="username"
            >
              Username
              <br />
              <input
                aria-required="true"
                class="sc-jSgupP tPSTZ"
                data-testid="test-input"
                id="username"
                pattern=".{5,}"
                required=""
                title="Amount of character to construct email"
                type="email"
                value=""
              />
            </label>
          </div>
          <div
            class="sc-iBPRYJ iuHtQb"
          >
            <label
              class="sc-gKsewC"
              for="address"
            >
              Address
              <br />
              <input
                aria-required="true"
                class="sc-jSgupP tPSTZ"
                data-testid="test-input"
                id="address"
                pattern=".{1,}"
                required=""
                title="Cannot be empty"
                type="text"
                value=""
              />
            </label>
          </div>
          <div
            class="sc-iBPRYJ iuHtQb"
          >
            <label
              class="sc-gKsewC"
              for="password"
            >
              Password
              <br />
              <input
                aria-required="true"
                class="sc-jSgupP tPSTZ"
                data-testid="test-input"
                id="password"
                pattern=".{9,}"
                required=""
                title="8 characters minimum"
                type="text"
                value=""
              />
            </label>
          </div>
          <button
            class="sc-bdfBwQ dnaRID"
            data-test="primary-button"
            type="submit"
          >
             
            Submit
          </button>
        </form>
        <p>
          Already have an account? 
          <a
            aria-label="Link to login"
            class="sc-fubCfw kCOjCy"
            href="/login"
          >
             
            Login
          </a>
        </p>
      </div>
    </div>
  </div>,
  "debug": [Function],
  "findAllByAltText": [Function],
  "findAllByDisplayValue": [Function],
  "findAllByLabelText": [Function],
  "findAllByPlaceholderText": [Function],
  "findAllByRole": [Function],
  "findAllByTestId": [Function],
  "findAllByText": [Function],
  "findAllByTitle": [Function],
  "findByAltText": [Function],
  "findByDisplayValue": [Function],
  "findByLabelText": [Function],
  "findByPlaceholderText": [Function],
  "findByRole": [Function],
  "findByTestId": [Function],
  "findByText": [Function],
  "findByTitle": [Function],
  "getAllByAltText": [Function],
  "getAllByDisplayValue": [Function],
  "getAllByLabelText": [Function],
  "getAllByPlaceholderText": [Function],
  "getAllByRole": [Function],
  "getAllByTestId": [Function],
  "getAllByText": [Function],
  "getAllByTitle": [Function],
  "getByAltText": [Function],
  "getByDisplayValue": [Function],
  "getByLabelText": [Function],
  "getByPlaceholderText": [Function],
  "getByRole": [Function],
  "getByTestId": [Function],
  "getByText": [Function],
  "getByTitle": [Function],
  "queryAllByAltText": [Function],
  "queryAllByDisplayValue": [Function],
  "queryAllByLabelText": [Function],
  "queryAllByPlaceholderText": [Function],
  "queryAllByRole": [Function],
  "queryAllByTestId": [Function],
  "queryAllByText": [Function],
  "queryAllByTitle": [Function],
  "queryByAltText": [Function],
  "queryByDisplayValue": [Function],
  "queryByLabelText": [Function],
  "queryByPlaceholderText": [Function],
  "queryByRole": [Function],
  "queryByTestId": [Function],
  "queryByText": [Function],
  "queryByTitle": [Function],
  "rerender": [Function],
  "unmount": [Function],
}
`;
